// Vitest Snapshot v1, https://vitest.dev/guide/snapshot.html

exports[`FileDownload > should match default snapshot 1`] = `
<div>
  <div
    class="FileDownload"
  >
    <div
      class="FileDownload__toolbar"
    >
      <span
        class="selection_information"
      >
        None selected
      </span>
      <button
        disabled=""
        type="button"
      >
        Download selected
      </button>
    </div>
    <table
      class="FileDownload__table"
    >
      <caption
        class="sr-only"
      >
        Download files for fraud analysis
      </caption>
      <thead>
        <tr>
          <th
            scope="col"
          >
            <input
              aria-label="Select all files for download"
              id="checkbox_selectAll"
              type="checkbox"
            />
          </th>
          <th
            scope="col"
          >
            Name
          </th>
          <th
            scope="col"
          >
            Device
          </th>
          <th
            scope="col"
          >
            Path
          </th>
          <th
            scope="col"
          >
            Status
          </th>
        </tr>
      </thead>
      <tbody>
        <tr
          class="disabled"
        >
          <td
            scope="col"
          >
            <input
              aria-label="Select file 3564d56c-dee1-47e3-a1d3-65252096c1bf"
              disabled=""
              id="checkbox_select_3564d56c-dee1-47e3-a1d3-65252096c1bf"
              type="checkbox"
            />
          </td>
          <td>
            smss.exe
          </td>
          <td>
            Mario
          </td>
          <td>
            \\Device\\HarddiskVolume2\\Windows\\System32\\smss.exe
          </td>
          <td>
            <div
              class="flex-row-centered"
            >
              <span>
                Scheduled
              </span>
            </div>
          </td>
        </tr>
        <tr
          class=""
        >
          <td
            scope="col"
          >
            <input
              aria-label="Select file bd817d8e-f1ce-4ccc-ba5a-cef2774e1179"
              id="checkbox_select_bd817d8e-f1ce-4ccc-ba5a-cef2774e1179"
              type="checkbox"
            />
          </td>
          <td>
            netsh.exe
          </td>
          <td>
            Luigi
          </td>
          <td>
            \\Device\\HarddiskVolume2\\Windows\\System32\\netsh.exe
          </td>
          <td>
            <div
              class="flex-row-centered"
            >
              <span
                class="status-green"
                role="presentation"
              />
              <span>
                Available
              </span>
            </div>
          </td>
        </tr>
        <tr
          class=""
        >
          <td
            scope="col"
          >
            <input
              aria-label="Select file 47e139d8-48bb-4461-8fec-c8a7886cf386"
              id="checkbox_select_47e139d8-48bb-4461-8fec-c8a7886cf386"
              type="checkbox"
            />
          </td>
          <td>
            uxtheme.dll
          </td>
          <td>
            Peach
          </td>
          <td>
            \\Device\\HarddiskVolume1\\Windows\\System32\\uxtheme.dll
          </td>
          <td>
            <div
              class="flex-row-centered"
            >
              <span
                class="status-green"
                role="presentation"
              />
              <span>
                Available
              </span>
            </div>
          </td>
        </tr>
        <tr
          class="disabled"
        >
          <td
            scope="col"
          >
            <input
              aria-label="Select file 829d8a70-6df8-4419-a4e9-ccc02b1a2fde"
              disabled=""
              id="checkbox_select_829d8a70-6df8-4419-a4e9-ccc02b1a2fde"
              type="checkbox"
            />
          </td>
          <td>
            aries.sys
          </td>
          <td>
            Daisy
          </td>
          <td>
            \\Device\\HarddiskVolume1\\Windows\\System32\\aries.sys
          </td>
          <td>
            <div
              class="flex-row-centered"
            >
              <span>
                Scheduled
              </span>
            </div>
          </td>
        </tr>
        <tr
          class="disabled"
        >
          <td
            scope="col"
          >
            <input
              aria-label="Select file 969f5965-3118-43c0-9d6a-d450e582cf82"
              disabled=""
              id="checkbox_select_969f5965-3118-43c0-9d6a-d450e582cf82"
              type="checkbox"
            />
          </td>
          <td>
            cryptbase.dll
          </td>
          <td>
            Yoshi
          </td>
          <td>
            \\Device\\HarddiskVolume1\\Windows\\System32\\cryptbase.dll
          </td>
          <td>
            <div
              class="flex-row-centered"
            >
              <span>
                Scheduled
              </span>
            </div>
          </td>
        </tr>
        <tr
          class="disabled"
        >
          <td
            scope="col"
          >
            <input
              aria-label="Select file 5"
              disabled=""
              id="checkbox_select_5"
              type="checkbox"
            />
          </td>
          <td>
            7za.exe
          </td>
          <td>
            Toad
          </td>
          <td>
            \\Device\\HarddiskVolume1\\temp\\7za.exe
          </td>
          <td>
            <div
              class="flex-row-centered"
            >
              <span>
                Scheduled
              </span>
            </div>
          </td>
        </tr>
      </tbody>
    </table>
  </div>
</div>
`;
